[ec2-user@ip-172-31-47-61 ~]$ sudo -i
[root@ip-172-31-47-61 ~]# service http status
Redirecting to /bin/systemctl status http.service
Unit http.service could not be found.
[root@ip-172-31-47-61 ~]# service httpd status
Redirecting to /bin/systemctl status httpd.service
○ httpd.service - The Apache HTTP Server
     Loaded: loaded (/usr/lib/systemd/system/httpd.service; disabled; preset: disabled)
     Active: inactive (dead)
       Docs: man:httpd.service(8)
[root@ip-172-31-47-61 ~]# service httpd start
Redirecting to /bin/systemctl start httpd.service
[root@ip-172-31-47-61 ~]# service httpd status
Redirecting to /bin/systemctl status httpd.service
● httpd.service - The Apache HTTP Server
     Loaded: loaded (/usr/lib/systemd/system/httpd.service; disabled; preset: disabled)
     Active: active (running) since Wed 2025-08-13 10:35:59 UTC; 38s ago
       Docs: man:httpd.service(8)
   Main PID: 33465 (httpd)
     Status: "Total requests: 0; Idle/Busy workers 100/0;Requests/sec: 0; Bytes served/sec:   0 B/sec"
      Tasks: 177 (limit: 1111)
     Memory: 13.0M
        CPU: 81ms
     CGroup: /system.slice/httpd.service
             ├─33465 /usr/sbin/httpd -DFOREGROUND
             ├─33485 /usr/sbin/httpd -DFOREGROUND
             ├─33486 /usr/sbin/httpd -DFOREGROUND
             ├─33487 /usr/sbin/httpd -DFOREGROUND
             └─33488 /usr/sbin/httpd -DFOREGROUND

Aug 13 10:35:59 ip-172-31-47-61.ap-south-1.compute.internal systemd[1]: Starting httpd.service - The Apache HTTP Server...
Aug 13 10:35:59 ip-172-31-47-61.ap-south-1.compute.internal systemd[1]: Started httpd.service - The Apache HTTP Server.
Aug 13 10:35:59 ip-172-31-47-61.ap-south-1.compute.internal httpd[33465]: Server configured, listening on: port 80
[root@ip-172-31-47-61 ~]# chkconfig httpd on
Note: Forwarding request to 'systemctl enable httpd.service'.
Created symlink /etc/systemd/system/multi-user.target.wants/httpd.service → /usr/lib/systemd/system/httpd.service.
[root@ip-172-31-47-61 ~]# apt update && apt install apache2 -y
-bash: apt: command not found
[root@ip-172-31-47-61 ~]# systemctl status apache2
Unit apache2.service could not be found.
[root@ip-172-31-47-61 ~]# cd /etc/httpd/
[root@ip-172-31-47-61 httpd]# ls
conf  conf.d  conf.modules.d  logs  modules  run  state
[root@ip-172-31-47-61 httpd]# cd conf
[root@ip-172-31-47-61 conf]# ls
httpd.conf  magic
[root@ip-172-31-47-61 conf]# cat httpd.conf
#
# This is the main Apache HTTP server configuration file.  It contains the
# configuration directives that give the server its instructions.
# See <URL:http://httpd.apache.org/docs/2.4/> for detailed information.
# In particular, see
# <URL:http://httpd.apache.org/docs/2.4/mod/directives.html>
# for a discussion of each configuration directive.
#
# See the httpd.conf(5) man page for more information on this configuration,
# and httpd.service(8) on using and configuring the httpd service.
#
# Do NOT simply read the instructions in here without understanding
# what they do.  They're here only as hints or reminders.  If you are unsure
# consult the online docs. You have been warned.
#
# Configuration and logfile names: If the filenames you specify for many
# of the server's control files begin with "/" (or "drive:/" for Win32), the
# server will use that explicit path.  If the filenames do *not* begin
# with "/", the value of ServerRoot is prepended -- so 'log/access_log'
# with ServerRoot set to '/www' will be interpreted by the
# server as '/www/log/access_log', where as '/log/access_log' will be
# interpreted as '/log/access_log'.

#
# ServerRoot: The top of the directory tree under which the server's
# configuration, error, and log files are kept.
#
# Do not add a slash at the end of the directory path.  If you point
# ServerRoot at a non-local disk, be sure to specify a local disk on the
# Mutex directive, if file-based mutexes are used.  If you wish to share the
# same ServerRoot for multiple httpd daemons, you will need to change at
# least PidFile.
#
ServerRoot "/etc/httpd"
 If you wish httpd to run as a different user or group, you must run
# httpd as root initially and it will switch.
#
# User/Group: The name (or #number) of the user/group to run httpd as.
# It is usually good practice to create a dedicated user and group for
# running httpd, as with most system services.
#
User apache
Group apache

# 'Main' server configuration
#
# The directives in this section set up the values used by the 'main'
# server, which responds to any requests that aren't handled by a
# <VirtualHost> definition.  These values also provide defaults for
# any <VirtualHost> containers you may define later in the file.
#
# All of these directives may appear inside <VirtualHost> containers,
# in which case these default settings will be overridden for the
# virtual host being defined.
#

#
# ServerAdmin: Your address, where problems with the server should be
# e-mailed.  This address appears on some server-generated pages, such
# as error documents.  e.g. admin@your-domain.com
#
ServerAdmin root@localhost

#
# ServerName gives the name and port that the server uses to identify itself.
# This can often be determined automatically, but we recommend you specify
# it explicitly to prevent problems during startup.
#
# If your host doesn't have a registered DNS name, enter its IP address here.
#
#ServerName www.example.com:80

#
# Deny access to the entirety of your server's filesystem. You must
# explicitly permit access to web content directories in other
# <Directory> blocks below.
#
<Directory />
    AllowOverride none
    Require all denied
</Directory>

#
# Note that from this point forward you must specifically allow
# particular features to be enabled - so if something's not working as
# you might expect, make sure that you have specifically enabled it
# below.
#

#
# DocumentRoot: The directory out of which you will serve your
# documents. By default, all requests are taken from this directory, but
# symbolic links and aliases may be used to point to other locations.
#
DocumentRoot "/var/www/html"

#
# Relax access to content within /var/www.
#
<Directory "/var/www">
    AllowOverride None
    # Allow open access:
    Require all granted
</Directory>

# Further relax access to the default document root:
<Directory "/var/www/html">
    #
    # Possible values for the Options directive are "None", "All",
    # or any combination of:
    #   Indexes Includes FollowSymLinks SymLinksifOwnerMatch ExecCGI MultiViews
    #
    # Note that "MultiViews" must be named *explicitly* --- "Options All"
    # doesn't give it to you.
    #
    # The Options directive is both complicated and important.  Please see
    # http://httpd.apache.org/docs/2.4/mod/core.html#options
    # for more information.
    #
    Options Indexes FollowSymLinks

    #
    # AllowOverride controls what directives may be placed in .htaccess files.
    # It can be "All", "None", or any combination of the keywords:
    #   AllowOverride FileInfo AuthConfig Limit
    #
    AllowOverride None

    #
    # Controls who can get stuff from this server.
    #
    Require all granted
</Directory>

#
# DirectoryIndex: sets the file that Apache will serve if a directory
# is requested.
#
<IfModule dir_module>
    DirectoryIndex index.html
</IfModule>

#
# The following lines prevent .htaccess and .htpasswd files from being
# viewed by Web clients.
#
<Files ".ht*">
    Require all denied
</Files>

#
# ErrorLog: The location of the error log file.
# If you do not specify an ErrorLog directive within a <VirtualHost>
# container, error messages relating to that virtual host will be
# logged here.  If you *do* define an error logfile for a <VirtualHost>
# container, that host's errors will be logged there and not here.
#
ErrorLog "logs/error_log"

#
# LogLevel: Control the number of messages logged to the error_log.
# Possible values include: debug, info, notice, warn, error, crit,
# alert, emerg.
#
LogLevel warn

<IfModule log_config_module>
    #
    # The following directives define some format nicknames for use with
    # a CustomLog directive (see below).
    #
    LogFormat "%h %l %u %t \"%r\" %>s %b \"%{Referer}i\" \"%{User-Agent}i\"" combined
    LogFormat "%h %l %u %t \"%r\" %>s %b" common

    <IfModule logio_module>
      # You need to enable mod_logio.c to use %I and %O
      LogFormat "%h %l %u %t \"%r\" %>s %b \"%{Referer}i\" \"%{User-Agent}i\" %I %O" combinedio
    </IfModule>

    #
    # The location and format of the access logfile (Common Logfile Format).
    # If you do not define any access logfiles within a <VirtualHost>
    # container, they will be logged here.  Contrariwise, if you *do*
    # define per-<VirtualHost> access logfiles, transactions will be
    # logged therein and *not* in this file.
    #
    #CustomLog "logs/access_log" common

    #
    # If you prefer a logfile with access, agent, and referer information
    # (Combined Logfile Format) you can use the following directive.
    #
    CustomLog "logs/access_log" combined
</IfModule>

<IfModule alias_module>
    #
    # Redirect: Allows you to tell clients about documents that used to
    # exist in your server's namespace, but do not anymore. The client
    # will make a new request for the document at its new location.
    # Example:
    # Redirect permanent /foo http://www.example.com/bar

    #
    # Alias: Maps web paths into filesystem paths and is used to
    # access content that does not live under the DocumentRoot.
    # Example:
    # Alias /webpath /full/filesystem/path
    #
    # If you include a trailing / on /webpath then the server will
    # require it to be present in the URL.  You will also likely
    # need to provide a <Directory> section to allow access to
    # the filesystem path.

    #
    # ScriptAlias: This controls which directories contain server scripts.
    # ScriptAliases are essentially the same as Aliases, except that
    # documents in the target directory are treated as applications and
    # run by the server when requested rather than as documents sent to the
    # client.  The same rules about trailing "/" apply to ScriptAlias
    # directives as to Alias.
    #
    ScriptAlias /cgi-bin/ "/var/www/cgi-bin/"

</IfModule>

#
# "/var/www/cgi-bin" should be changed to whatever your ScriptAliased
# CGI directory exists, if you have that configured.
#
<Directory "/var/www/cgi-bin">
    AllowOverride None
    Options None
    Require all granted
</Directory>
[root@ip-172-31-42-71 ec2-user]# sudo dnf update -y
Amazon Linux 2023 Kernel Livepatch repository                                                            172 kB/s |  19 kB     00:00
Dependencies resolved.
Nothing to do.
Complete!
[root@ip-172-31-42-71 ec2-user]# sudo dnf install java-17-amazon-corretto -y
Last metadata expiration check: 0:01:54 ago on Thu Aug 14 06:03:28 2025.
Dependencies resolved.
=========================================================================================================================================
 Package                                       Architecture        Version                                Repository                Size
=========================================================================================================================================
Installing:
 java-17-amazon-corretto                       x86_64              1:17.0.16+8-1.amzn2023.1               amazonlinux              213 k
Installing dependencies:
 alsa-lib                                      x86_64              1.2.7.2-1.amzn2023.0.2                 amazonlinux              504 k
 cairo                                         x86_64              1.18.0-4.amzn2023.0.2                  amazonlinux              717 k
 dejavu-sans-fonts                             noarch              2.37-16.amzn2023.0.2                   amazonlinux              1.3 M
 dejavu-sans-mono-fonts                        noarch              2.37-16.amzn2023.0.2                   amazonlinux              467 k
 dejavu-serif-fonts                            noarch              2.37-16.amzn2023.0.2                   amazonlinux              1.0 M
 fontconfig                                    x86_64              2.13.94-2.amzn2023.0.2                 amazonlinux              273 k
 fonts-filesystem                              noarch              1:2.0.5-12.amzn2023.0.2                amazonlinux              9.5 k
 freetype                                      x86_64              2.13.2-5.amzn2023.0.1                  amazonlinux              423 k
 giflib                                        x86_64              5.2.1-9.amzn2023.0.1                   amazonlinux               49 k
 google-noto-fonts-common                      noarch              20240401-1.amzn2023.0.2                amazonlinux               17 k
 google-noto-sans-vf-fonts                     noarch              20240401-1.amzn2023.0.2                amazonlinux              593 k
 graphite2                                     x86_64              1.3.14-7.amzn2023.0.2                  amazonlinux               97 k
 harfbuzz                                      x86_64              7.0.0-2.amzn2023.0.2                   amazonlinux              873 k
 java-17-amazon-corretto-headless              x86_64              1:17.0.16+8-1.amzn2023.1               amazonlinux               91 M
 javapackages-filesystem                       noarch              6.0.0-7.amzn2023.0.6                   amazonlinux               12 k
 langpacks-core-font-en                        noarch              3.0-21.amzn2023.0.4                    amazonlinux               10 k
 libICE                                        x86_64              1.1.1-3.amzn2023.0.1                   amazonlinux               76 k
 libSM                                         x86_64              1.2.4-3.amzn2023.0.1                   amazonlinux               45 k
 libX11                                        x86_64              1.8.10-2.amzn2023.0.1                  amazonlinux              659 k
 libX11-common                                 noarch              1.8.10-2.amzn2023.0.1                  amazonlinux              147 k
 libXau                                        x86_64              1.0.11-6.amzn2023.0.1                  amazonlinux               33 k
 libXext                                       x86_64              1.3.6-1.amzn2023.0.1                   amazonlinux               42 k
 libXi                                         x86_64              1.8.2-1.amzn2023.0.1                   amazonlinux               42 k
 libXinerama                                   x86_64              1.1.5-6.amzn2023.0.1                   amazonlinux               16 k
 libXrandr                                     x86_64              1.5.4-3.amzn2023.0.1                   amazonlinux               29 k
 libXrender                                    x86_64              0.9.11-6.amzn2023.0.1                  amazonlinux               29 k
 libXt                                         x86_64              1.3.0-3.amzn2023.0.1                   amazonlinux              183 k
 libXtst                                       x86_64              1.2.5-1.amzn2023.0.1                   amazonlinux               22 k
 libbrotli                                     x86_64              1.0.9-4.amzn2023.0.2                   amazonlinux              315 k
 libjpeg-turbo                                 x86_64              2.1.4-2.amzn2023.0.5                   amazonlinux              190 k
 libpng                                        x86_64              2:1.6.37-10.amzn2023.0.6               amazonlinux              128 k
 libxcb                                        x86_64              1.17.0-1.amzn2023.0.1                  amazonlinux              235 k
 pixman                                        x86_64              0.43.4-1.amzn2023.0.4                  amazonlinux              296 k
 xml-common                                    noarch              0.6.3-56.amzn2023.0.2                  amazonlinux               32 k

Transaction Summary
=========================================================================================================================================
Install  35 Packages

Total download size: 100 M
Installed size: 262 M
Downloading Packages:
(1/35): cairo-1.18.0-4.amzn2023.0.2.x86_64.rpm                                                            13 MB/s | 717 kB     00:00
(2/35): dejavu-sans-fonts-2.37-16.amzn2023.0.2.noarch.rpm                                                 19 MB/s | 1.3 MB     00:00
(3/35): alsa-lib-1.2.7.2-1.amzn2023.0.2.x86_64.rpm                                                       6.7 MB/s | 504 kB     00:00
(4/35): dejavu-sans-mono-fonts-2.37-16.amzn2023.0.2.noarch.rpm                                            15 MB/s | 467 kB     00:00
(5/35): fontconfig-2.13.94-2.amzn2023.0.2.x86_64.rpm                                                      10 MB/s | 273 kB     00:00
(6/35): fonts-filesystem-2.0.5-12.amzn2023.0.2.noarch.rpm                                                418 kB/s | 9.5 kB     00:00
(7/35): dejavu-serif-fonts-2.37-16.amzn2023.0.2.noarch.rpm                                                20 MB/s | 1.0 MB     00:00
(8/35): giflib-5.2.1-9.amzn2023.0.1.x86_64.rpm                                                           2.6 MB/s |  49 kB     00:00
(9/35): freetype-2.13.2-5.amzn2023.0.1.x86_64.rpm                                                         12 MB/s | 423 kB     00:00
(10/35): google-noto-fonts-common-20240401-1.amzn2023.0.2.noarch.rpm                                     820 kB/s |  17 kB     00:00
(11/35): google-noto-sans-vf-fonts-20240401-1.amzn2023.0.2.noarch.rpm                                     21 MB/s | 593 kB     00:00
(12/35): graphite2-1.3.14-7.amzn2023.0.2.x86_64.rpm                                                      3.0 MB/s |  97 kB     00:00
(13/35): harfbuzz-7.0.0-2.amzn2023.0.2.x86_64.rpm                                                         21 MB/s | 873 kB     00:00
(14/35): java-17-amazon-corretto-17.0.16+8-1.amzn2023.1.x86_64.rpm                                       7.4 MB/s | 213 kB     00:00
(15/35): javapackages-filesystem-6.0.0-7.amzn2023.0.6.noarch.rpm                                         539 kB/s |  12 kB     00:00
(16/35): langpacks-core-font-en-3.0-21.amzn2023.0.4.noarch.rpm                                           495 kB/s |  10 kB     00:00
(17/35): libICE-1.1.1-3.amzn2023.0.1.x86_64.rpm                                                          3.4 MB/s |  76 kB     00:00
(18/35): libSM-1.2.4-3.amzn2023.0.1.x86_64.rpm                                                           2.0 MB/s |  45 kB     00:00
(19/35): libX11-common-1.8.10-2.amzn2023.0.1.noarch.rpm                                                  5.5 MB/s | 147 kB     00:00
(20/35): libX11-1.8.10-2.amzn2023.0.1.x86_64.rpm                                                          15 MB/s | 659 kB     00:00
(21/35): libXau-1.0.11-6.amzn2023.0.1.x86_64.rpm                                                         1.5 MB/s |  33 kB     00:00
(22/35): libXi-1.8.2-1.amzn2023.0.1.x86_64.rpm                                                           1.8 MB/s |  42 kB     00:00
(23/35): libXinerama-1.1.5-6.amzn2023.0.1.x86_64.rpm                                                     710 kB/s |  16 kB     00:00
(24/35): libXext-1.3.6-1.amzn2023.0.1.x86_64.rpm                                                         626 kB/s |  42 kB     00:00
(25/35): libXrandr-1.5.4-3.amzn2023.0.1.x86_64.rpm                                                       1.0 MB/s |  29 kB     00:00
(26/35): libXrender-0.9.11-6.amzn2023.0.1.x86_64.rpm                                                     1.3 MB/s |  29 kB     00:00
(27/35): libXt-1.3.0-3.amzn2023.0.1.x86_64.rpm                                                           6.4 MB/s | 183 kB     00:00
(28/35): libXtst-1.2.5-1.amzn2023.0.1.x86_64.rpm                                                         892 kB/s |  22 kB     00:00
(29/35): libjpeg-turbo-2.1.4-2.amzn2023.0.5.x86_64.rpm                                                   4.4 MB/s | 190 kB     00:00
(30/35): libbrotli-1.0.9-4.amzn2023.0.2.x86_64.rpm                                                       6.0 MB/s | 315 kB     00:00
(31/35): libpng-1.6.37-10.amzn2023.0.6.x86_64.rpm                                                        4.1 MB/s | 128 kB     00:00
(32/35): libxcb-1.17.0-1.amzn2023.0.1.x86_64.rpm                                                         7.3 MB/s | 235 kB     00:00
(33/35): pixman-0.43.4-1.amzn2023.0.4.x86_64.rpm                                                          11 MB/s | 296 kB     00:00
(34/35): xml-common-0.6.3-56.amzn2023.0.2.noarch.rpm                                                     841 kB/s |  32 kB     00:00
(35/35): java-17-amazon-corretto-headless-17.0.16+8-1.amzn2023.1.x86_64.rpm                               66 MB/s |  91 MB     00:01
-----------------------------------------------------------------------------------------------------------------------------------------
Total                                                                                                     63 MB/s | 100 MB     00:01
Running transaction check
Transaction check succeeded.
Running transaction test
Transaction test succeeded.
Running transaction
  Preparing        :                                                                                                                 1/1
  Installing       : fonts-filesystem-1:2.0.5-12.amzn2023.0.2.noarch                                                                1/35
  Installing       : libpng-2:1.6.37-10.amzn2023.0.6.x86_64                                                                         2/35
  Installing       : dejavu-sans-mono-fonts-2.37-16.amzn2023.0.2.noarch                                                             3/35
  Installing       : dejavu-sans-fonts-2.37-16.amzn2023.0.2.noarch                                                                  4/35
  Installing       : libICE-1.1.1-3.amzn2023.0.1.x86_64                                                                             5/35
  Installing       : libSM-1.2.4-3.amzn2023.0.1.x86_64                                                                              6/35
  Installing       : dejavu-serif-fonts-2.37-16.amzn2023.0.2.noarch                                                                 7/35
  Running scriptlet: xml-common-0.6.3-56.amzn2023.0.2.noarch                                                                        8/35
  Installing       : xml-common-0.6.3-56.amzn2023.0.2.noarch                                                                        8/35
  Installing       : pixman-0.43.4-1.amzn2023.0.4.x86_64                                                                            9/35
  Installing       : libjpeg-turbo-2.1.4-2.amzn2023.0.5.x86_64                                                                     10/35
  Installing       : libbrotli-1.0.9-4.amzn2023.0.2.x86_64                                                                         11/35
  Installing       : libXau-1.0.11-6.amzn2023.0.1.x86_64                                                                           12/35
  Installing       : libxcb-1.17.0-1.amzn2023.0.1.x86_64                                                                           13/35
  Installing       : libX11-common-1.8.10-2.amzn2023.0.1.noarch                                                                    14/35
  Installing       : libX11-1.8.10-2.amzn2023.0.1.x86_64                                                                           15/35
  Installing       : libXext-1.3.6-1.amzn2023.0.1.x86_64                                                                           16/35
  Installing       : libXrender-0.9.11-6.amzn2023.0.1.x86_64                                                                       17/35
  Installing       : libXi-1.8.2-1.amzn2023.0.1.x86_64                                                                             18/35
  Installing       : libXtst-1.2.5-1.amzn2023.0.1.x86_64                                                                           19/35
  Installing       : libXrandr-1.5.4-3.amzn2023.0.1.x86_64                                                                         20/35
  Installing       : libXinerama-1.1.5-6.amzn2023.0.1.x86_64                                                                       21/35
  Installing       : libXt-1.3.0-3.amzn2023.0.1.x86_64                                                                             22/35
  Installing       : javapackages-filesystem-6.0.0-7.amzn2023.0.6.noarch                                                           23/35
  Installing       : graphite2-1.3.14-7.amzn2023.0.2.x86_64                                                                        24/35
  Installing       : google-noto-fonts-common-20240401-1.amzn2023.0.2.noarch                                                       25/35
  Installing       : google-noto-sans-vf-fonts-20240401-1.amzn2023.0.2.noarch                                                      26/35
  Installing       : langpacks-core-font-en-3.0-21.amzn2023.0.4.noarch                                                             27/35
  Installing       : cairo-1.18.0-4.amzn2023.0.2.x86_64                                                                            28/35
  Installing       : harfbuzz-7.0.0-2.amzn2023.0.2.x86_64                                                                          29/35
  Installing       : freetype-2.13.2-5.amzn2023.0.1.x86_64                                                                         30/35
  Installing       : fontconfig-2.13.94-2.amzn2023.0.2.x86_64                                                                      31/35
  Running scriptlet: fontconfig-2.13.94-2.amzn2023.0.2.x86_64                                                                      31/35
  Installing       : giflib-5.2.1-9.amzn2023.0.1.x86_64                                                                            32/35
  Installing       : alsa-lib-1.2.7.2-1.amzn2023.0.2.x86_64                                                                        33/35
  Installing       : java-17-amazon-corretto-headless-1:17.0.16+8-1.amzn2023.1.x86_64                                              34/35
  Running scriptlet: java-17-amazon-corretto-headless-1:17.0.16+8-1.amzn2023.1.x86_64                                              34/35
  Installing       : java-17-amazon-corretto-1:17.0.16+8-1.amzn2023.1.x86_64                                                       35/35
  Running scriptlet: fontconfig-2.13.94-2.amzn2023.0.2.x86_64                                                                      35/35
  Running scriptlet: java-17-amazon-corretto-1:17.0.16+8-1.amzn2023.1.x86_64                                                       35/35
  Verifying        : alsa-lib-1.2.7.2-1.amzn2023.0.2.x86_64                                                                         1/35
  Verifying        : cairo-1.18.0-4.amzn2023.0.2.x86_64                                                                             2/35
  Verifying        : dejavu-sans-fonts-2.37-16.amzn2023.0.2.noarch                                                                  3/35
  Verifying        : dejavu-sans-mono-fonts-2.37-16.amzn2023.0.2.noarch                                                             4/35
  Verifying        : dejavu-serif-fonts-2.37-16.amzn2023.0.2.noarch                                                                 5/35
  Verifying        : fontconfig-2.13.94-2.amzn2023.0.2.x86_64                                                                       6/35
  Verifying        : fonts-filesystem-1:2.0.5-12.amzn2023.0.2.noarch                                                                7/35
  Verifying        : freetype-2.13.2-5.amzn2023.0.1.x86_64                                                                          8/35
  Verifying        : giflib-5.2.1-9.amzn2023.0.1.x86_64                                                                             9/35
  Verifying        : google-noto-fonts-common-20240401-1.amzn2023.0.2.noarch                                                       10/35
  Verifying        : google-noto-sans-vf-fonts-20240401-1.amzn2023.0.2.noarch                                                      11/35
  Verifying        : graphite2-1.3.14-7.amzn2023.0.2.x86_64                                                                        12/35
  Verifying        : harfbuzz-7.0.0-2.amzn2023.0.2.x86_64                                                                          13/35
  Verifying        : java-17-amazon-corretto-1:17.0.16+8-1.amzn2023.1.x86_64                                                       14/35
  Verifying        : java-17-amazon-corretto-headless-1:17.0.16+8-1.amzn2023.1.x86_64                                              15/35
  Verifying        : javapackages-filesystem-6.0.0-7.amzn2023.0.6.noarch                                                           16/35
  Verifying        : langpacks-core-font-en-3.0-21.amzn2023.0.4.noarch                                                             17/35
  Verifying        : libICE-1.1.1-3.amzn2023.0.1.x86_64                                                                            18/35
  Verifying        : libSM-1.2.4-3.amzn2023.0.1.x86_64                                                                             19/35
  Verifying        : libX11-1.8.10-2.amzn2023.0.1.x86_64                                                                           20/35
  Verifying        : libX11-common-1.8.10-2.amzn2023.0.1.noarch                                                                    21/35
  Verifying        : libXau-1.0.11-6.amzn2023.0.1.x86_64                                                                           22/35
  Verifying        : libXext-1.3.6-1.amzn2023.0.1.x86_64                                                                           23/35
  Verifying        : libXi-1.8.2-1.amzn2023.0.1.x86_64                                                                             24/35
  Verifying        : libXinerama-1.1.5-6.amzn2023.0.1.x86_64                                                                       25/35
  Verifying        : libXrandr-1.5.4-3.amzn2023.0.1.x86_64                                                                         26/35
  Verifying        : libXrender-0.9.11-6.amzn2023.0.1.x86_64                                                                       27/35
  Verifying        : libXt-1.3.0-3.amzn2023.0.1.x86_64                                                                             28/35
  Verifying        : libXtst-1.2.5-1.amzn2023.0.1.x86_64                                                                           29/35
  Verifying        : libbrotli-1.0.9-4.amzn2023.0.2.x86_64                                                                         30/35
  Verifying        : libjpeg-turbo-2.1.4-2.amzn2023.0.5.x86_64                                                                     31/35
  Verifying        : libpng-2:1.6.37-10.amzn2023.0.6.x86_64                                                                        32/35
  Verifying        : libxcb-1.17.0-1.amzn2023.0.1.x86_64                                                                           33/35
  Verifying        : pixman-0.43.4-1.amzn2023.0.4.x86_64                                                                           34/35
  Verifying        : xml-common-0.6.3-56.amzn2023.0.2.noarch                                                                       35/35

Installed:
  alsa-lib-1.2.7.2-1.amzn2023.0.2.x86_64                                  cairo-1.18.0-4.amzn2023.0.2.x86_64
  dejavu-sans-fonts-2.37-16.amzn2023.0.2.noarch                           dejavu-sans-mono-fonts-2.37-16.amzn2023.0.2.noarch
  dejavu-serif-fonts-2.37-16.amzn2023.0.2.noarch                          fontconfig-2.13.94-2.amzn2023.0.2.x86_64
  fonts-filesystem-1:2.0.5-12.amzn2023.0.2.noarch                         freetype-2.13.2-5.amzn2023.0.1.x86_64
  giflib-5.2.1-9.amzn2023.0.1.x86_64                                      google-noto-fonts-common-20240401-1.amzn2023.0.2.noarch
  google-noto-sans-vf-fonts-20240401-1.amzn2023.0.2.noarch                graphite2-1.3.14-7.amzn2023.0.2.x86_64
  harfbuzz-7.0.0-2.amzn2023.0.2.x86_64                                    java-17-amazon-corretto-1:17.0.16+8-1.amzn2023.1.x86_64
  java-17-amazon-corretto-headless-1:17.0.16+8-1.amzn2023.1.x86_64        javapackages-filesystem-6.0.0-7.amzn2023.0.6.noarch
  langpacks-core-font-en-3.0-21.amzn2023.0.4.noarch                       libICE-1.1.1-3.amzn2023.0.1.x86_64
  libSM-1.2.4-3.amzn2023.0.1.x86_64                                       libX11-1.8.10-2.amzn2023.0.1.x86_64
  libX11-common-1.8.10-2.amzn2023.0.1.noarch                              libXau-1.0.11-6.amzn2023.0.1.x86_64
  libXext-1.3.6-1.amzn2023.0.1.x86_64                                     libXi-1.8.2-1.amzn2023.0.1.x86_64
  libXinerama-1.1.5-6.amzn2023.0.1.x86_64                                 libXrandr-1.5.4-3.amzn2023.0.1.x86_64
  libXrender-0.9.11-6.amzn2023.0.1.x86_64                                 libXt-1.3.0-3.amzn2023.0.1.x86_64
  libXtst-1.2.5-1.amzn2023.0.1.x86_64                                     libbrotli-1.0.9-4.amzn2023.0.2.x86_64
  libjpeg-turbo-2.1.4-2.amzn2023.0.5.x86_64                               libpng-2:1.6.37-10.amzn2023.0.6.x86_64
  libxcb-1.17.0-1.amzn2023.0.1.x86_64                                     pixman-0.43.4-1.amzn2023.0.4.x86_64
  xml-common-0.6.3-56.amzn2023.0.2.noarch

Complete!
